/home/tieens/Github/Chatbot/.venv/lib/python3.10/site-packages/rasa/core/tracker_store.py:1044: MovedIn20Warning: Deprecated API features detected! These feature(s) are not compatible with SQLAlchemy 2.0. To prevent incompatible upgrades prior to updating applications, ensure requirements files are pinned to "sqlalchemy<2.0". Set environment variable SQLALCHEMY_WARN_20=1 to show all deprecation warnings.  Set environment variable SQLALCHEMY_SILENCE_UBER_WARNING=1 to silence this message. (Background on SQLAlchemy 2.0 at: https://sqlalche.me/e/b8d9)
  Base: DeclarativeMeta = declarative_base()
/home/tieens/Github/Chatbot/.venv/lib/python3.10/site-packages/rasa/shared/utils/validation.py:134: DeprecationWarning: pkg_resources is deprecated as an API. See https://setuptools.pypa.io/en/latest/pkg_resources.html
  import pkg_resources
/home/tieens/Github/Chatbot/.venv/lib/python3.10/site-packages/pkg_resources/__init__.py:3117: DeprecationWarning: Deprecated call to `pkg_resources.declare_namespace('google')`.
Implementing implicit namespace packages (as specified in PEP 420) is preferred to `pkg_resources.declare_namespace`. See https://setuptools.pypa.io/en/latest/references/keywords.html#keyword-namespace-packages
  declare_namespace(pkg)
/home/tieens/Github/Chatbot/.venv/lib/python3.10/site-packages/pkg_resources/__init__.py:3117: DeprecationWarning: Deprecated call to `pkg_resources.declare_namespace('mpl_toolkits')`.
Implementing implicit namespace packages (as specified in PEP 420) is preferred to `pkg_resources.declare_namespace`. See https://setuptools.pypa.io/en/latest/references/keywords.html#keyword-namespace-packages
  declare_namespace(pkg)
/home/tieens/Github/Chatbot/.venv/lib/python3.10/site-packages/pkg_resources/__init__.py:3117: DeprecationWarning: Deprecated call to `pkg_resources.declare_namespace('ruamel')`.
Implementing implicit namespace packages (as specified in PEP 420) is preferred to `pkg_resources.declare_namespace`. See https://setuptools.pypa.io/en/latest/references/keywords.html#keyword-namespace-packages
  declare_namespace(pkg)
/home/tieens/Github/Chatbot/.venv/lib/python3.10/site-packages/sanic_cors/extension.py:39: DeprecationWarning: distutils Version classes are deprecated. Use packaging.version instead.
  SANIC_VERSION = LooseVersion(sanic_version)
2026-05-13 04:18:48 INFO     rasa_sdk.endpoint  - Starting action endpoint server...
2026-05-13 04:18:50 INFO     rasa_sdk.executor  - Registered function for 'action_search_tour_info'.
2026-05-13 04:18:50 INFO     rasa_sdk.executor  - Registered function for 'action_search_travel'.
2026-05-13 04:18:50 INFO     rasa_sdk.executor  - Registered function for 'action_ai_consultant'.
2026-05-13 04:18:50 INFO     rasa_sdk.executor  - Registered function for 'validate_travel_form'.
2026-05-13 04:18:50 INFO     rasa_sdk.endpoint  - Starting plugins...
2026-05-13 04:18:50 INFO     rasa_sdk.endpoint  - Action endpoint is up and running on http://0.0.0.0:5055

[ACTION SEARCH TRAVEL LOG] =========================
USER NÓI: 'ê shop, tháng sau tao có tầm 5 củ rưỡi, đang suy quá muốn tìm chỗ nào có biển để chữa lành, né mấy chỗ ồn ào xô bồ đông đúc nha.'
INTENT NHẬN DIỆN: search_destination
ENTITIES BẮT ĐƯỢC TỪ CÂU NÀY:
   -> month: 'tháng' (DIETClassifier)
   -> destination: 'sau' (DIETClassifier)
   -> month: '5 củ' (DIETClassifier)
   -> season: 'đông' (DIETClassifier)
TRÍ NHỚ (SLOTS) ĐANG CÓ:
   -> season: 'đông'
   -> month: '5 củ'
   -> destination: 'sau'
====================================================


[ACTION SEARCH TRAVEL LOG] =========================
USER NÓI: '5 củ đi đâu'
INTENT NHẬN DIỆN: inform
ENTITIES BẮT ĐƯỢC TỪ CÂU NÀY:
   -> budget: '5 củ' (DIETClassifier)
TRÍ NHỚ (SLOTS) ĐANG CÓ:
   -> season: 'đông'
   -> month: '5 củ'
   -> budget: '5 củ'
   -> destination: 'sau'
====================================================


[ACTION SEARCH TRAVEL LOG] =========================
USER NÓI: 'đi đà lạt tháng 5'
INTENT NHẬN DIỆN: inform
ENTITIES BẮT ĐƯỢC TỪ CÂU NÀY:
   -> destination: 'Đà Lạt' (DIETClassifier)
   -> month: 'tháng 5' (DIETClassifier)
TRÍ NHỚ (SLOTS) ĐANG CÓ:
   -> season: 'đông'
   -> month: 'tháng 5'
   -> budget: '5 củ'
   -> destination: 'Đà Lạt'
====================================================


[ACTION SEARCH TRAVEL LOG] =========================
USER NÓI: 'đà lạt'
INTENT NHẬN DIỆN: inform
ENTITIES BẮT ĐƯỢC TỪ CÂU NÀY:
   -> destination: 'Đà Lạt' (DIETClassifier)
TRÍ NHỚ (SLOTS) ĐANG CÓ:
   -> season: 'đông'
   -> month: 'tháng 5'
   -> budget: '5 củ'
   -> destination: 'Đà Lạt'
====================================================

